// Vitest Snapshot v1, https://vitest.dev/guide/snapshot.html

exports[`PAR-10 (b) — supported catalog examples parse to stable command types (He + En) > the {example → command types} map is pinned — a rule shadow that flips a line while still \`.ok\` breaks this 1`] = `
{
  "A is on circle O": {
    "en": [
      "circle",
      "point-on-circle",
    ],
    "he": [
      "circle",
      "point-on-circle",
    ],
  },
  "AB = 2 AD": {
    "en": [
      "set-ratio",
    ],
    "he": [
      "set-ratio",
    ],
  },
  "AB = 3x": {
    "en": [
      "measure-length",
    ],
    "he": [
      "measure-length",
    ],
  },
  "AB = 6": {
    "en": [
      "segment",
      "set-distance",
    ],
    "he": [
      "segment",
      "set-distance",
    ],
  },
  "AB = CD": {
    "en": [
      "segment",
      "segment",
      "set-equal",
    ],
    "he": [
      "segment",
      "segment",
      "set-equal",
    ],
  },
  "AB = x²": {
    "en": [
      "measure-length",
    ],
    "he": [
      "measure-length",
    ],
  },
  "AB and AD are tangent to circle O at E and K": {
    "en": [
      "bisector",
      "point-on-line",
      "foot",
      "foot",
      "circle-through",
    ],
    "he": [
      "bisector",
      "point-on-line",
      "foot",
      "foot",
      "circle-through",
    ],
  },
  "AB and CD are chords in circle O": {
    "en": [
      "circle",
      "point-on-circle",
      "point-on-circle",
      "point-on-circle",
      "point-on-circle",
      "segment",
      "segment",
    ],
    "he": [
      "circle",
      "point-on-circle",
      "point-on-circle",
      "point-on-circle",
      "point-on-circle",
      "segment",
      "segment",
    ],
  },
  "AB is a common tangent to circles O and P": {
    "en": [
      "circle",
      "circle",
      "point-on-circle",
      "point-on-circle",
      "common-tangent",
      "set-perpendicular",
      "set-perpendicular",
      "segment",
    ],
    "he": [
      "circle",
      "circle",
      "point-on-circle",
      "point-on-circle",
      "common-tangent",
      "set-perpendicular",
      "set-perpendicular",
      "segment",
    ],
  },
  "AB is an external common tangent of the two circles": {
    "en": [
      "circle",
      "circle",
      "point-on-circle",
      "point-on-circle",
      "common-tangent",
      "set-perpendicular",
      "set-perpendicular",
      "segment",
    ],
    "he": [
      "circle",
      "circle",
      "point-on-circle",
      "point-on-circle",
      "common-tangent",
      "set-perpendicular",
      "set-perpendicular",
      "segment",
    ],
  },
  "AB perpendicular to CD": {
    "en": [
      "segment",
      "segment",
      "set-perpendicular",
    ],
    "he": [
      "segment",
      "segment",
      "set-perpendicular",
    ],
  },
  "AB tangent to circle C": {
    "en": [
      "circle",
      "point-on-circle",
      "tangent",
      "point-on-line",
      "point-on-line",
    ],
    "he": [
      "circle",
      "point-on-circle",
      "tangent",
      "point-on-line",
      "point-on-line",
    ],
  },
  "AC extended meets circle P at E": {
    "en": [
      "circle",
      "extend-onto-circle",
    ],
    "he": [
      "circle",
      "extend-onto-circle",
    ],
  },
  "AD = 12√x": {
    "en": [
      "measure-length",
    ],
    "he": [
      "measure-length",
    ],
  },
  "AD bisects angle BAC": {
    "en": [
      "bisector",
      "line-through",
      "line-intersection",
      "segment",
    ],
    "he": [
      "bisector",
      "line-through",
      "line-intersection",
      "segment",
    ],
  },
  "AD cuts circle O at B": {
    "en": [
      "circle",
      "point-circle-side",
      "point-on-circle",
      "line-through",
      "line-circle-intersection",
      "segment",
    ],
    "he": [
      "circle",
      "point-circle-side",
      "point-on-circle",
      "line-through",
      "line-circle-intersection",
      "segment",
    ],
  },
  "AD median to BC": {
    "en": [
      "midpoint",
      "segment",
    ],
    "he": [
      "midpoint",
      "segment",
    ],
  },
  "BC parallel to AD": {
    "en": [
      "segment",
      "segment",
      "set-parallel",
    ],
    "he": [
      "segment",
      "segment",
      "set-parallel",
    ],
  },
  "C and D are on different sides of AB": {
    "en": [
      "segment",
      "points-line-side",
    ],
    "he": [
      "segment",
      "points-line-side",
    ],
  },
  "C is 5 from A and 5 from B": {
    "en": [
      "point-by-distances",
    ],
    "he": [
      "point-by-distances",
    ],
  },
  "CD bisects AB": {
    "en": [
      "segment",
      "segment",
      "midpoint",
      "segments-cross",
      "set-line",
    ],
    "he": [
      "segment",
      "segment",
      "midpoint",
      "segments-cross",
      "set-line",
    ],
  },
  "CD cuts AB": {
    "en": [
      "segment",
      "segment",
      "segments-cross",
    ],
    "he": [
      "segment",
      "segment",
      "segments-cross",
    ],
  },
  "CD is a common tangent to circles O and P at M": {
    "en": [
      "circle",
      "circle",
      "circles-tangent",
      "tangent",
      "point-on-line",
      "point-on-line",
    ],
    "he": [
      "circle",
      "circle",
      "circles-tangent",
      "tangent",
      "point-on-line",
      "point-on-line",
    ],
  },
  "DM*ME = BM*DR": {
    "en": [
      "segment",
      "segment",
      "segment",
      "segment",
      "set-length-product",
    ],
    "he": [
      "segment",
      "segment",
      "segment",
      "segment",
      "set-length-product",
    ],
  },
  "E is the intersection of the tangent to circle O at A and BC": {
    "en": [
      "circle",
      "tangent",
      "line-through",
      "line-intersection",
      "segment",
      "segment",
    ],
    "he": [
      "circle",
      "tangent",
      "line-through",
      "line-intersection",
      "segment",
      "segment",
    ],
  },
  "E is where the bisectors of BAC and BCA meet": {
    "en": [
      "bisector",
      "bisector",
      "line-intersection",
    ],
    "he": [
      "bisector",
      "bisector",
      "line-intersection",
    ],
  },
  "E on line AC": {
    "en": [
      "free-point",
      "segment",
      "set-collinear",
    ],
    "he": [
      "free-point",
      "segment",
      "set-collinear",
    ],
  },
  "F is the foot of the perpendicular from C to AD": {
    "en": [
      "foot",
    ],
    "he": [
      "foot",
    ],
  },
  "G is the intersection of circle O and circle P": {
    "en": [
      "circle-circle-intersection",
    ],
    "he": [
      "circle-circle-intersection",
    ],
  },
  "G is the intersection of the diagonals of quadrilateral ABCD": {
    "en": [
      "line-line-intersection",
    ],
    "he": [
      "line-line-intersection",
    ],
  },
  "H is the intersection of the altitudes of triangle ABC": {
    "en": [
      "foot",
      "foot",
      "line-line-intersection",
    ],
    "he": [
      "foot",
      "foot",
      "line-line-intersection",
    ],
  },
  "M is outside circle O": {
    "en": [
      "circle",
      "point-circle-side",
    ],
    "he": [
      "circle",
      "point-circle-side",
    ],
  },
  "M is the intersection of AC and BD": {
    "en": [
      "segment",
      "segment",
      "line-line-intersection",
    ],
    "he": [
      "segment",
      "segment",
      "line-line-intersection",
    ],
  },
  "M is the intersection of the medians of triangle ABC": {
    "en": [
      "midpoint",
      "midpoint",
      "line-line-intersection",
    ],
    "he": [
      "midpoint",
      "midpoint",
      "line-line-intersection",
    ],
  },
  "M is the midpoint of AB": {
    "en": [
      "segment",
      "midpoint",
    ],
    "he": [
      "segment",
      "midpoint",
    ],
  },
  "M is the midpoint of arc BC in circle O": {
    "en": [
      "circle",
      "arc-midpoint",
    ],
    "he": [
      "circle",
      "arc-midpoint",
    ],
  },
  "O is the centre of the circle": {
    "en": [
      "circle",
    ],
    "he": [
      "circle",
    ],
  },
  "O is the intersection of the angle bisectors of triangle ABC": {
    "en": [
      "bisector",
      "bisector",
      "line-intersection",
    ],
    "he": [
      "bisector",
      "bisector",
      "line-intersection",
    ],
  },
  "P is the intersection of the perpendicular bisectors of triangle ABC": {
    "en": [
      "midpoint",
      "perpendicular-line",
      "midpoint",
      "perpendicular-line",
      "line-intersection",
    ],
    "he": [
      "midpoint",
      "perpendicular-line",
      "midpoint",
      "perpendicular-line",
      "line-intersection",
    ],
  },
  "S_{ABC} = 13": {
    "en": [
      "measure-area",
    ],
    "he": [
      "measure-area",
    ],
  },
  "S_{ABC} = S": {
    "en": [
      "measure-area",
    ],
    "he": [
      "measure-area",
    ],
  },
  "S_{ABC}/S_{DEF} = 3/4": {
    "en": [
      "set-area-ratio",
    ],
    "he": [
      "set-area-ratio",
    ],
  },
  "a circle contained inside the circle": {
    "en": [
      "circle",
      "circle",
      "set-circle-position",
    ],
    "he": [
      "circle",
      "circle",
      "set-circle-position",
    ],
  },
  "a diameter": {
    "en": [
      "circle",
      "diameter",
    ],
    "he": [
      "circle",
      "diameter",
    ],
  },
  "a line cuts the two circles at points C, D, E and F": {
    "en": [
      "circle",
      "circle",
      "point-on-circle",
      "point-on-circle",
      "point-on-circle",
      "point-on-circle",
      "set-line",
      "segment",
    ],
    "he": [
      "circle",
      "circle",
      "point-on-circle",
      "point-on-circle",
      "point-on-circle",
      "point-on-circle",
      "set-line",
      "segment",
    ],
  },
  "a line cutting the circle at two points": {
    "en": [
      "circle",
      "point-on-circle",
      "point-on-circle",
      "segment",
    ],
    "he": [
      "circle",
      "point-on-circle",
      "point-on-circle",
      "segment",
    ],
  },
  "a line with point A": {
    "en": [
      "segment",
      "point-on-segment",
    ],
    "he": [
      "segment",
      "point-on-segment",
    ],
  },
  "a semicircle on each side of square ABCD": {
    "en": [
      "square",
      "midpoint",
      "circle-through",
      "point-on-circle",
      "arc",
      "segment",
      "midpoint",
      "circle-through",
      "point-on-circle",
      "arc",
      "segment",
      "midpoint",
      "circle-through",
      "point-on-circle",
      "arc",
      "segment",
      "midpoint",
      "circle-through",
      "point-on-circle",
      "arc",
      "segment",
    ],
    "he": [
      "square",
      "midpoint",
      "circle-through",
      "point-on-circle",
      "arc",
      "segment",
      "midpoint",
      "circle-through",
      "point-on-circle",
      "arc",
      "segment",
      "midpoint",
      "circle-through",
      "point-on-circle",
      "arc",
      "segment",
      "midpoint",
      "circle-through",
      "point-on-circle",
      "arc",
      "segment",
    ],
  },
  "a tangent to the circle": {
    "en": [
      "circle",
      "point-on-circle",
      "tangent",
    ],
    "he": [
      "circle",
      "point-on-circle",
      "tangent",
    ],
  },
  "angle ABC = 2α": {
    "en": [
      "measure-angle",
    ],
    "he": [
      "measure-angle",
    ],
  },
  "angle ABC equals thirty degrees": {
    "en": [
      "segment",
      "segment",
      "set-angle",
    ],
    "he": [
      "segment",
      "segment",
      "set-angle",
    ],
  },
  "angle ABC is obtuse": {
    "en": [
      "segment",
      "segment",
      "set-angle-acuteness",
    ],
    "he": [
      "segment",
      "segment",
      "set-angle-acuteness",
    ],
  },
  "angle AEB equals angle BEC equals 60 degrees": {
    "en": [
      "segment",
      "segment",
      "segment",
      "segment",
      "set-angle-ratio",
      "segment",
      "segment",
      "set-angle",
      "segment",
      "segment",
      "set-angle",
    ],
    "he": [
      "segment",
      "segment",
      "segment",
      "segment",
      "set-angle-ratio",
      "segment",
      "segment",
      "set-angle",
      "segment",
      "segment",
      "set-angle",
    ],
  },
  "angle GBA = 37": {
    "en": [
      "segment",
      "segment",
      "set-angle",
    ],
    "he": [
      "segment",
      "segment",
      "set-angle",
    ],
  },
  "arc AB = 40 in circle O": {
    "en": [
      "set-angle",
    ],
    "he": [
      "set-angle",
    ],
  },
  "arc AC + arc BE = arc AD + arc BC in circle O": {
    "en": [
      "set-measure-sum",
    ],
    "he": [
      "set-measure-sum",
    ],
  },
  "arc DE = 2 arc CE in circle O": {
    "en": [
      "set-angle-ratio",
    ],
    "he": [
      "set-angle-ratio",
    ],
  },
  "bisector of angle ABC": {
    "en": [
      "bisector",
    ],
    "he": [
      "bisector",
    ],
  },
  "central angle COD": {
    "en": [
      "segment",
      "segment",
      "mark-angle",
    ],
    "he": [
      "segment",
      "segment",
      "mark-angle",
    ],
  },
  "chord AB in circle O": {
    "en": [
      "circle",
      "point-on-circle",
      "point-on-circle",
      "segment",
    ],
    "he": [
      "circle",
      "point-on-circle",
      "point-on-circle",
      "segment",
    ],
  },
  "circle O and circle P are tangent at M": {
    "en": [
      "circle",
      "circle",
      "circles-tangent",
    ],
    "he": [
      "circle",
      "circle",
      "circles-tangent",
    ],
  },
  "circle O and circle P are tangent internally at M": {
    "en": [
      "circle",
      "circle",
      "circles-tangent",
    ],
    "he": [
      "circle",
      "circle",
      "circles-tangent",
    ],
  },
  "circle O with circumference 6π": {
    "en": [
      "circle",
    ],
    "he": [
      "circle",
    ],
  },
  "circle O with radius R": {
    "en": [
      "circle",
      "radius-symbol",
    ],
    "he": [
      "circle",
      "radius-symbol",
    ],
  },
  "circle P contained in circle O": {
    "en": [
      "circle",
      "circle",
      "set-circle-position",
    ],
    "he": [
      "circle",
      "circle",
      "set-circle-position",
    ],
  },
  "circle centered at O radius 5": {
    "en": [
      "circle",
    ],
    "he": [
      "circle",
    ],
  },
  "circle inscribed in kite ABCD": {
    "en": [
      "shape-variant",
      "bisector",
      "bisector",
      "line-intersection",
      "foot",
      "circle-through",
      "foot",
      "foot",
      "point-on-circle",
      "foot",
    ],
    "he": [
      "shape-variant",
      "bisector",
      "bisector",
      "line-intersection",
      "foot",
      "circle-through",
      "foot",
      "foot",
      "point-on-circle",
      "foot",
    ],
  },
  "circle inscribed in trapezoid ABCD": {
    "en": [
      "trapezoid",
      "bisector",
      "bisector",
      "line-intersection",
      "foot",
      "circle-through",
      "foot",
      "foot",
      "point-on-circle",
      "foot",
    ],
    "he": [
      "trapezoid",
      "bisector",
      "bisector",
      "line-intersection",
      "foot",
      "circle-through",
      "foot",
      "foot",
      "point-on-circle",
      "foot",
    ],
  },
  "circle inscribed in triangle ABC": {
    "en": [
      "triangle",
      "bisector",
      "bisector",
      "line-intersection",
      "foot",
      "circle-through",
      "foot",
      "foot",
    ],
    "he": [
      "triangle",
      "bisector",
      "bisector",
      "line-intersection",
      "foot",
      "circle-through",
      "foot",
      "foot",
    ],
  },
  "circle through A B C": {
    "en": [
      "circumcircle",
    ],
    "he": [
      "circumcircle",
    ],
  },
  "circle with center O": {
    "en": [
      "circle",
    ],
    "he": [
      "circle",
    ],
  },
  "circle with diameter 10": {
    "en": [
      "circle",
    ],
    "he": [
      "circle",
    ],
  },
  "cyclic quadrilateral ABCD": {
    "en": [
      "circle",
      "point-on-circle",
      "point-on-circle",
      "point-on-circle",
      "point-on-circle",
      "quadrilateral",
    ],
    "he": [
      "circle",
      "point-on-circle",
      "point-on-circle",
      "point-on-circle",
      "point-on-circle",
      "quadrilateral",
    ],
  },
  "denote angle BAM as A1": {
    "en": [
      "segment",
      "segment",
      "angle-alias",
    ],
    "he": [
      "segment",
      "segment",
      "angle-alias",
    ],
  },
  "diameter AB in circle O": {
    "en": [
      "circle",
      "diameter",
    ],
    "he": [
      "circle",
      "diameter",
    ],
  },
  "diameter from F in circle O": {
    "en": [
      "circle",
      "diameter",
    ],
    "he": [
      "circle",
      "diameter",
    ],
  },
  "diameter through A in circle O": {
    "en": [
      "circle",
      "diameter",
    ],
    "he": [
      "circle",
      "diameter",
    ],
  },
  "equilateral triangle ABC": {
    "en": [
      "triangle",
      "set-equal",
      "set-equal",
    ],
    "he": [
      "triangle",
      "set-equal",
      "set-equal",
    ],
  },
  "from a point E outside circle O a line cuts the circle at A and B": {
    "en": [
      "circle",
      "point-on-circle",
      "point-on-circle",
      "segment",
      "point-on-segment",
      "segment",
    ],
    "he": [
      "circle",
      "point-on-circle",
      "point-on-circle",
      "segment",
      "point-on-segment",
      "segment",
    ],
  },
  "from point A two tangents to both circles": {
    "en": [
      "circle",
      "circle",
      "point-on-circle",
      "point-on-circle",
      "common-tangent",
      "set-perpendicular",
      "set-perpendicular",
      "segment",
      "line-through",
      "point-on-circle",
      "point-on-circle",
      "common-tangent",
      "set-perpendicular",
      "set-perpendicular",
      "segment",
      "line-through",
      "line-intersection",
      "segment",
      "segment",
    ],
    "he": [
      "circle",
      "circle",
      "point-on-circle",
      "point-on-circle",
      "common-tangent",
      "set-perpendicular",
      "set-perpendicular",
      "segment",
      "line-through",
      "point-on-circle",
      "point-on-circle",
      "common-tangent",
      "set-perpendicular",
      "set-perpendicular",
      "segment",
      "line-through",
      "line-intersection",
      "segment",
      "segment",
    ],
  },
  "from point E a tangent touches circle O at D": {
    "en": [
      "circle",
      "free-point",
      "midpoint",
      "circle-through",
      "circle-circle-intersection",
      "segment",
    ],
    "he": [
      "circle",
      "free-point",
      "midpoint",
      "circle-through",
      "circle-circle-intersection",
      "segment",
    ],
  },
  "from point E outside circle O two tangents touch the circle at A and B": {
    "en": [
      "circle",
      "free-point",
      "midpoint",
      "circle-through",
      "circle-circle-intersection",
      "circle-circle-intersection",
      "segment",
      "segment",
    ],
    "he": [
      "circle",
      "free-point",
      "midpoint",
      "circle-through",
      "circle-circle-intersection",
      "circle-circle-intersection",
      "segment",
      "segment",
    ],
  },
  "given a circle": {
    "en": [
      "circle",
    ],
    "he": [
      "circle",
    ],
  },
  "height from A in ABC": {
    "en": [
      "triangle",
      "foot",
      "segment",
    ],
    "he": [
      "triangle",
      "foot",
      "segment",
    ],
  },
  "in quadrilateral ABCD a circle is inscribed": {
    "en": [
      "quadrilateral",
      "bisector",
      "bisector",
      "line-intersection",
      "foot",
      "circle-through",
      "foot",
      "foot",
      "point-on-circle",
      "foot",
    ],
    "he": [
      "quadrilateral",
      "bisector",
      "bisector",
      "line-intersection",
      "foot",
      "circle-through",
      "foot",
      "foot",
      "point-on-circle",
      "foot",
    ],
  },
  "isosceles trapezoid ABCD": {
    "en": [
      "trapezoid",
      "set-equal",
    ],
    "he": [
      "trapezoid",
      "set-equal",
    ],
  },
  "isosceles triangle ABC": {
    "en": [
      "shape-variant",
    ],
    "he": [
      "shape-variant",
    ],
  },
  "isosceles triangle ABC (AB=AC)": {
    "en": [
      "shape-variant",
      "segment",
      "segment",
      "set-equal",
    ],
    "he": [
      "shape-variant",
      "segment",
      "segment",
      "set-equal",
    ],
  },
  "kite ABCD": {
    "en": [
      "shape-variant",
    ],
    "he": [
      "shape-variant",
    ],
  },
  "line ABE": {
    "en": [
      "set-line",
    ],
    "he": [
      "set-line",
    ],
  },
  "line AC meets circle P at E": {
    "en": [
      "circle",
      "line-through",
      "line-circle-intersection",
      "segment",
      "segment",
    ],
    "he": [
      "circle",
      "line-through",
      "line-circle-intersection",
      "segment",
      "segment",
    ],
  },
  "line through P parallel to AB": {
    "en": [
      "parallel-line",
    ],
    "he": [
      "parallel-line",
    ],
  },
  "line through P perpendicular to AB": {
    "en": [
      "segment",
      "point-on-segment",
      "perpendicular-line",
    ],
    "he": [
      "segment",
      "point-on-segment",
      "perpendicular-line",
    ],
  },
  "median from A in ABC": {
    "en": [
      "triangle",
      "midpoint",
      "segment",
    ],
    "he": [
      "triangle",
      "midpoint",
      "segment",
    ],
  },
  "midpoint of AB": {
    "en": [
      "segment",
      "midpoint",
    ],
    "he": [
      "segment",
      "midpoint",
    ],
  },
  "midsegment of trapezoid ABCD": {
    "en": [
      "trapezoid",
      "midpoint",
      "midpoint",
      "segment",
    ],
    "he": [
      "trapezoid",
      "midpoint",
      "midpoint",
      "segment",
    ],
  },
  "midsegment to BC in triangle ABC": {
    "en": [
      "triangle",
      "midpoint",
      "midpoint",
      "segment",
    ],
    "he": [
      "triangle",
      "midpoint",
      "midpoint",
      "segment",
    ],
  },
  "parallelogram ABCD": {
    "en": [
      "parallelogram",
    ],
    "he": [
      "parallelogram",
    ],
  },
  "perimeter of ABC = 20": {
    "en": [
      "set-perimeter",
    ],
    "he": [
      "set-perimeter",
    ],
  },
  "perpendicular bisector of AB": {
    "en": [
      "midpoint",
      "perpendicular-line",
    ],
    "he": [
      "midpoint",
      "perpendicular-line",
    ],
  },
  "point A": {
    "en": [
      "free-point",
    ],
    "he": [
      "free-point",
    ],
  },
  "point A at (0,0)": {
    "en": [
      "free-point",
    ],
    "he": [
      "free-point",
    ],
  },
  "point E lies inside triangle KAO": {
    "en": [
      "triangle",
      "point-polygon-side",
    ],
    "he": [
      "triangle",
      "point-polygon-side",
    ],
  },
  "point E on AC at 40%": {
    "en": [
      "segment",
      "point-on-segment",
    ],
    "he": [
      "segment",
      "point-on-segment",
    ],
  },
  "point F on the extension of AD": {
    "en": [
      "segment",
      "point-on-segment",
      "segment",
    ],
    "he": [
      "segment",
      "point-on-segment",
      "segment",
    ],
  },
  "points F, G, H on AB, AC, CB": {
    "en": [
      "segment",
      "point-on-segment",
      "segment",
      "point-on-segment",
      "segment",
      "point-on-segment",
    ],
    "he": [
      "segment",
      "point-on-segment",
      "segment",
      "point-on-segment",
      "segment",
      "point-on-segment",
    ],
  },
  "quadrilateral ABCD": {
    "en": [
      "quadrilateral",
    ],
    "he": [
      "quadrilateral",
    ],
  },
  "quarter circle": {
    "en": [
      "circle",
      "point-on-circle",
      "point-on-circle",
      "arc",
      "segment",
      "segment",
    ],
    "he": [
      "circle",
      "point-on-circle",
      "point-on-circle",
      "arc",
      "segment",
      "segment",
    ],
  },
  "rectangle ABCD": {
    "en": [
      "rectangle",
    ],
    "he": [
      "rectangle",
    ],
  },
  "rectangle DEFG inscribed in triangle ABC": {
    "en": [
      "triangle",
      "inscribe",
    ],
    "he": [
      "triangle",
      "inscribe",
    ],
  },
  "regular pentagon ABCDE": {
    "en": [
      "circle",
      "point-on-circle",
      "point-on-circle",
      "point-on-circle",
      "point-on-circle",
      "point-on-circle",
      "polygon",
    ],
    "he": [
      "circle",
      "point-on-circle",
      "point-on-circle",
      "point-on-circle",
      "point-on-circle",
      "point-on-circle",
      "polygon",
    ],
  },
  "rhombus ABCD": {
    "en": [
      "rhombus",
    ],
    "he": [
      "rhombus",
    ],
  },
  "rhombus BDEF inscribed in triangle ABC": {
    "en": [
      "triangle",
      "inscribe",
    ],
    "he": [
      "triangle",
      "inscribe",
    ],
  },
  "right trapezoid ABCD": {
    "en": [
      "trapezoid",
      "set-perpendicular",
    ],
    "he": [
      "trapezoid",
      "set-perpendicular",
    ],
  },
  "right triangle ABC": {
    "en": [
      "right-triangle",
    ],
    "he": [
      "right-triangle",
    ],
  },
  "right triangle ABC inscribed in a circle": {
    "en": [
      "circle",
      "point-on-circle",
      "point-on-circle",
      "point-on-circle",
      "triangle",
    ],
    "he": [
      "circle",
      "point-on-circle",
      "point-on-circle",
      "point-on-circle",
      "triangle",
    ],
  },
  "sector AOB with angle 80": {
    "en": [
      "circle",
      "point-on-circle",
      "point-on-circle",
      "set-angle",
      "arc",
      "segment",
      "segment",
    ],
    "he": [
      "circle",
      "point-on-circle",
      "point-on-circle",
      "set-angle",
      "arc",
      "segment",
      "segment",
    ],
  },
  "segment AC": {
    "en": [
      "segment",
    ],
    "he": [
      "segment",
    ],
  },
  "semicircle on side AB outside triangle ABC": {
    "en": [
      "circle",
      "point-on-circle",
      "point-on-circle",
      "arc",
      "segment",
    ],
    "he": [
      "circle",
      "point-on-circle",
      "point-on-circle",
      "arc",
      "segment",
    ],
  },
  "semicircle with diameter AB": {
    "en": [
      "circle",
      "point-on-circle",
      "point-on-circle",
      "arc",
      "segment",
    ],
    "he": [
      "circle",
      "point-on-circle",
      "point-on-circle",
      "arc",
      "segment",
    ],
  },
  "square ABCD": {
    "en": [
      "square",
    ],
    "he": [
      "square",
    ],
  },
  "square ABCD whose side is 1": {
    "en": [
      "square",
      "segment",
      "set-distance",
    ],
    "he": [
      "square",
      "segment",
      "set-distance",
    ],
  },
  "square DEFG inscribed in triangle ABC": {
    "en": [
      "triangle",
      "inscribe",
    ],
    "he": [
      "triangle",
      "inscribe",
    ],
  },
  "tangent to circle O at A": {
    "en": [
      "circle",
      "tangent",
    ],
    "he": [
      "circle",
      "tangent",
    ],
  },
  "the centre of the circle": {
    "en": [
      "circle",
      "name-center",
    ],
    "he": [
      "circle",
      "name-center",
    ],
  },
  "the circle through A B C cuts CE at D": {
    "en": [
      "circumcircle",
      "line-through",
      "line-circle-intersection",
    ],
    "he": [
      "circumcircle",
      "line-through",
      "line-circle-intersection",
    ],
  },
  "the diameter of circle O from F cuts side AC at E": {
    "en": [
      "line-line-intersection",
      "set-line",
      "segment",
    ],
    "he": [
      "line-line-intersection",
      "set-line",
      "segment",
    ],
  },
  "the line AO cuts circle O at C and D": {
    "en": [
      "circle",
      "line-through",
      "line-circle-intersection",
      "line-circle-intersection",
      "segment",
      "segment",
    ],
    "he": [
      "circle",
      "line-through",
      "line-circle-intersection",
      "line-circle-intersection",
      "segment",
      "segment",
    ],
  },
  "the tangent at A and the tangent at C to circle O meet at D": {
    "en": [
      "circle",
      "tangent",
      "tangent",
      "line-intersection",
    ],
    "he": [
      "circle",
      "tangent",
      "tangent",
      "line-intersection",
    ],
  },
  "the tangent to circle O at A meets circle P at D": {
    "en": [
      "circle",
      "circle",
      "tangent",
      "line-circle-intersection",
      "segment",
    ],
    "he": [
      "circle",
      "circle",
      "tangent",
      "line-circle-intersection",
      "segment",
    ],
  },
  "trapezoid ABCD": {
    "en": [
      "trapezoid",
    ],
    "he": [
      "trapezoid",
    ],
  },
  "trapezoid ABCD inscribed in a circle": {
    "en": [
      "circle",
      "point-on-circle",
      "point-on-circle",
      "point-on-circle",
      "point-on-circle",
      "quadrilateral",
      "set-parallel",
    ],
    "he": [
      "circle",
      "point-on-circle",
      "point-on-circle",
      "point-on-circle",
      "point-on-circle",
      "quadrilateral",
      "set-parallel",
    ],
  },
  "triangle ABC": {
    "en": [
      "triangle",
    ],
    "he": [
      "triangle",
    ],
  },
  "triangle ABC inscribed in circle O": {
    "en": [
      "circle",
      "point-on-circle",
      "point-on-circle",
      "point-on-circle",
      "triangle",
    ],
    "he": [
      "circle",
      "point-on-circle",
      "point-on-circle",
      "point-on-circle",
      "triangle",
    ],
  },
  "triangle DEF circumscribes the circle": {
    "en": [
      "triangle",
      "bisector",
      "bisector",
      "line-intersection",
      "foot",
      "circle-through",
      "foot",
      "foot",
    ],
    "he": [
      "triangle",
      "bisector",
      "bisector",
      "line-intersection",
      "foot",
      "circle-through",
      "foot",
      "foot",
    ],
  },
  "two circles": {
    "en": [
      "circle",
      "circle",
      "set-circle-position",
    ],
    "he": [
      "circle",
      "circle",
      "set-circle-position",
    ],
  },
  "two circles intersect at A and B": {
    "en": [
      "circle",
      "circle",
      "circle-circle-intersection",
      "circle-circle-intersection",
    ],
    "he": [
      "circle",
      "circle",
      "circle-circle-intersection",
      "circle-circle-intersection",
    ],
  },
  "two circles with a common center O": {
    "en": [
      "circle",
      "circle",
      "set-radius-order",
    ],
    "he": [
      "circle",
      "circle",
      "set-radius-order",
    ],
  },
  "two disjoint circles": {
    "en": [
      "circle",
      "circle",
      "set-circle-position",
    ],
    "he": [
      "circle",
      "circle",
      "set-circle-position",
    ],
  },
  "α < β": {
    "en": [
      "measure-order",
    ],
    "he": [
      "measure-order",
    ],
  },
  "△ABC ~ △DEF": {
    "en": [
      "triangle",
      "triangle",
      "set-angle-ratio",
      "set-angle-ratio",
    ],
    "he": [
      "triangle",
      "triangle",
      "set-angle-ratio",
      "set-angle-ratio",
    ],
  },
  "△ABC ≅ △DEF": {
    "en": [
      "triangle",
      "triangle",
      "set-equal",
      "set-equal",
      "set-equal",
    ],
    "he": [
      "triangle",
      "triangle",
      "set-equal",
      "set-equal",
      "set-equal",
    ],
  },
}
`;
