// Vitest Snapshot v1, https://vitest.dev/guide/snapshot.html

exports[`parser shadow-matrix — catalog corpus > divergent later-claimers (candidate shadows) per catalog utterance are stable 1`] = `
[
  {
    "lang": "en",
    "shadowedBy": [
      "pointsOnSegment",
      "pointOnSegment",
    ],
    "text": "points F, G, H on AB, AC, CB",
    "winner": "pointsOnSegments",
  },
  {
    "lang": "he",
    "shadowedBy": [
      "pointsOnSegment",
      "pointOnSegment",
    ],
    "text": "נקודות F, G, H על AB, AC, CB",
    "winner": "pointsOnSegments",
  },
  {
    "lang": "en",
    "shadowedBy": [
      "pointOnSegment",
    ],
    "text": "D on AB at a distance of 3 from A",
    "winner": "compoundAtDistance",
  },
  {
    "lang": "he",
    "shadowedBy": [
      "pointOnSegment",
    ],
    "text": "D על AB במרחק 3 מ-A",
    "winner": "compoundAtDistance",
  },
  {
    "lang": "en",
    "shadowedBy": [
      "diagonals",
    ],
    "text": "G is the intersection of the diagonals of quadrilateral ABCD",
    "winner": "specialPointMeet",
  },
  {
    "lang": "he",
    "shadowedBy": [
      "diagonals",
    ],
    "text": "G מפגש האלכסונים במרובע ABCD",
    "winner": "specialPointMeet",
  },
  {
    "lang": "en",
    "shadowedBy": [
      "bisectorIntersection",
    ],
    "text": "O is the intersection of the angle bisectors of triangle ABC",
    "winner": "specialPointMeet",
  },
  {
    "lang": "en",
    "shadowedBy": [
      "bisectorIntersection",
    ],
    "text": "P is the intersection of the perpendicular bisectors of triangle ABC",
    "winner": "specialPointMeet",
  },
  {
    "lang": "en",
    "shadowedBy": [
      "segment",
    ],
    "text": "midsegment to BC in triangle ABC",
    "winner": "midsegment",
  },
  {
    "lang": "he",
    "shadowedBy": [
      "segment",
    ],
    "text": "קטע האמצעים לצלע BC במשולש ABC",
    "winner": "midsegment",
  },
  {
    "lang": "en",
    "shadowedBy": [
      "ratioConstraint",
    ],
    "text": "arc AB = 40 in circle O",
    "winner": "arcValue",
  },
  {
    "lang": "en",
    "shadowedBy": [
      "arcEquality",
    ],
    "text": "arc AC + arc BE = arc AD + arc BC in circle O",
    "winner": "measureSum",
  },
  {
    "lang": "he",
    "shadowedBy": [
      "arcEquality",
    ],
    "text": "קשת AC + קשת BE = קשת AD + קשת BC במעגל O",
    "winner": "measureSum",
  },
  {
    "lang": "en",
    "shadowedBy": [
      "equalSegments",
    ],
    "text": "DM*ME = BM*DR",
    "winner": "lengthProduct",
  },
  {
    "lang": "he",
    "shadowedBy": [
      "equalSegments",
    ],
    "text": "DM*ME = BM*DR",
    "winner": "lengthProduct",
  },
  {
    "lang": "en",
    "shadowedBy": [
      "angle",
    ],
    "text": "angle ABC = 2α",
    "winner": "measureAngle",
  },
  {
    "lang": "he",
    "shadowedBy": [
      "angle",
    ],
    "text": "זווית ABC = 2α",
    "winner": "measureAngle",
  },
  {
    "lang": "en",
    "shadowedBy": [
      "circle",
    ],
    "text": "circle centered at O radius 5",
    "winner": "setRadius",
  },
  {
    "lang": "he",
    "shadowedBy": [
      "circle",
    ],
    "text": "מעגל סביב O רדיוס 5",
    "winner": "setRadius",
  },
  {
    "lang": "en",
    "shadowedBy": [
      "circlesTangent",
      "tangentLine",
    ],
    "text": "AB is an external common tangent of the two circles",
    "winner": "commonTangent",
  },
  {
    "lang": "he",
    "shadowedBy": [
      "circlesTangent",
      "tangentLine",
    ],
    "text": "AB משיק משותף חיצוני לשני המעגלים",
    "winner": "commonTangent",
  },
  {
    "lang": "en",
    "shadowedBy": [
      "circle",
    ],
    "text": "circle O with circumference 6π",
    "winner": "circleSizeExisting",
  },
  {
    "lang": "he",
    "shadowedBy": [
      "circle",
    ],
    "text": "מעגל O שהיקפו 6π",
    "winner": "circleSizeExisting",
  },
  {
    "lang": "en",
    "shadowedBy": [
      "circle",
    ],
    "text": "O is the centre of the circle",
    "winner": "nameCenter",
  },
  {
    "lang": "he",
    "shadowedBy": [
      "circle",
    ],
    "text": "O מרכז המעגל",
    "winner": "nameCenter",
  },
  {
    "lang": "en",
    "shadowedBy": [
      "circle",
    ],
    "text": "circle through A B C",
    "winner": "circumcircle",
  },
  {
    "lang": "en",
    "shadowedBy": [
      "lineMeetsCircle",
      "lineLineIntersection",
      "circumcircle",
    ],
    "text": "the circle through A B C cuts CE at D",
    "winner": "circumcircleMeetsSegment",
  },
  {
    "lang": "he",
    "shadowedBy": [
      "lineMeetsCircle",
      "circumcircle",
    ],
    "text": "המעגל החוסם את משולש ABC חותך את CE בנקודה D",
    "winner": "circumcircleMeetsSegment",
  },
  {
    "lang": "en",
    "shadowedBy": [
      "circumcircle",
    ],
    "text": "triangle DEF circumscribes the circle",
    "winner": "incircle",
  },
  {
    "lang": "he",
    "shadowedBy": [
      "circumcircle",
    ],
    "text": "משולש DEF חוסם את המעגל",
    "winner": "incircle",
  },
  {
    "lang": "en",
    "shadowedBy": [
      "tangentLine",
    ],
    "text": "the tangent at A and the tangent at C to circle O meet at D",
    "winner": "twoTangentsMeet",
  },
  {
    "lang": "he",
    "shadowedBy": [
      "tangentLine",
    ],
    "text": "המשיק בנקודה A והמשיק בנקודה C למעגל O נפגשים בנקודה D",
    "winner": "twoTangentsMeet",
  },
  {
    "lang": "en",
    "shadowedBy": [
      "tangentLine",
    ],
    "text": "AB and AD are tangent to circle O at E and K",
    "winner": "cornerTangentCircle",
  },
  {
    "lang": "he",
    "shadowedBy": [
      "tangentLine",
    ],
    "text": "AB ו-AD משיקים למעגל O בנקודות E ו-K",
    "winner": "cornerTangentCircle",
  },
  {
    "lang": "en",
    "shadowedBy": [
      "circleOnDiameter",
      "diameter",
    ],
    "text": "semicircle with diameter AB",
    "winner": "semicircle",
  },
  {
    "lang": "he",
    "shadowedBy": [
      "circleOnDiameter",
      "diameter",
    ],
    "text": "חצי מעגל שקוטרו AB",
    "winner": "semicircle",
  },
  {
    "lang": "en",
    "shadowedBy": [
      "pointOnSegment",
    ],
    "text": "semicircle on side AB outside triangle ABC",
    "winner": "semicircle",
  },
  {
    "lang": "en",
    "shadowedBy": [
      "angle",
    ],
    "text": "sector AOB with angle 80",
    "winner": "sector",
  },
  {
    "lang": "he",
    "shadowedBy": [
      "angle",
    ],
    "text": "גזרה AOB בזווית 80",
    "winner": "sector",
  },
  {
    "lang": "en",
    "shadowedBy": [
      "lineMeetsCircle",
      "lineLineIntersection",
    ],
    "text": "the line AO cuts circle O at C and D",
    "winner": "lineCutsCircleTwice",
  },
  {
    "lang": "en",
    "shadowedBy": [
      "tangentLine",
    ],
    "text": "from point E outside circle O two tangents touch the circle at A and B",
    "winner": "tangentsFromExternal",
  },
  {
    "lang": "en",
    "shadowedBy": [
      "diameter",
    ],
    "text": "the diameter of circle O from F cuts side AC at E",
    "winner": "diameterCutsSegment",
  },
  {
    "lang": "he",
    "shadowedBy": [
      "diameter",
    ],
    "text": "קוטר מעגל O היוצא מנקודה F חותך את הצלע AC בנקודה E",
    "winner": "diameterCutsSegment",
  },
  {
    "lang": "en",
    "shadowedBy": [
      "midpoint",
    ],
    "text": "M is the midpoint of arc BC in circle O",
    "winner": "arcMidpoint",
  },
  {
    "lang": "he",
    "shadowedBy": [
      "midpoint",
    ],
    "text": "M אמצע הקשת BC במעגל O",
    "winner": "arcMidpoint",
  },
  {
    "lang": "en",
    "shadowedBy": [
      "tangentLine",
    ],
    "text": "E is the intersection of the tangent to circle O at A and BC",
    "winner": "tangentLineIntersection",
  },
  {
    "lang": "he",
    "shadowedBy": [
      "tangentLine",
    ],
    "text": "E חיתוך המשיק למעגל O בנקודה A עם BC",
    "winner": "tangentLineIntersection",
  },
  {
    "lang": "en",
    "shadowedBy": [
      "tangentLine",
    ],
    "text": "the tangent to circle O at A meets circle P at D",
    "winner": "tangentMeetsOtherCircle",
  },
  {
    "lang": "he",
    "shadowedBy": [
      "tangentLine",
    ],
    "text": "המשיק למעגל O בנקודה A חותך את מעגל P בנקודה D",
    "winner": "tangentMeetsOtherCircle",
  },
  {
    "lang": "en",
    "shadowedBy": [
      "lineMeetsCircle",
    ],
    "text": "AC extended meets circle P at E",
    "winner": "extendOntoCircle",
  },
  {
    "lang": "he",
    "shadowedBy": [
      "lineMeetsCircle",
    ],
    "text": "המשך AC חותך את מעגל P בנקודה E",
    "winner": "extendOntoCircle",
  },
  {
    "lang": "en",
    "shadowedBy": [
      "tangentLine",
    ],
    "text": "circle O and circle P are tangent at M",
    "winner": "circlesTangent",
  },
  {
    "lang": "he",
    "shadowedBy": [
      "tangentLine",
    ],
    "text": "מעגל O ומעגל P משיקים זה לזה בנקודה M",
    "winner": "circlesTangent",
  },
  {
    "lang": "en",
    "shadowedBy": [
      "tangentLine",
    ],
    "text": "circle O and circle P are tangent internally at M",
    "winner": "circlesTangent",
  },
  {
    "lang": "he",
    "shadowedBy": [
      "tangentLine",
    ],
    "text": "מעגל O ומעגל P משיקים מבפנים בנקודה M",
    "winner": "circlesTangent",
  },
  {
    "lang": "en",
    "shadowedBy": [
      "circlesTangent",
      "tangentLine",
    ],
    "text": "AB is a common tangent to circles O and P",
    "winner": "commonTangent",
  },
  {
    "lang": "he",
    "shadowedBy": [
      "circlesTangent",
      "tangentLine",
    ],
    "text": "AB משיק משותף למעגלים O ו-P",
    "winner": "commonTangent",
  },
  {
    "lang": "en",
    "shadowedBy": [
      "circlesTangent",
      "tangentLine",
    ],
    "text": "CD is a common tangent to circles O and P at M",
    "winner": "commonTangent",
  },
  {
    "lang": "he",
    "shadowedBy": [
      "circlesTangent",
      "tangentLine",
    ],
    "text": "CD משיק משותף למעגלים O ו-P בנקודה M",
    "winner": "commonTangent",
  },
  {
    "lang": "en",
    "shadowedBy": [
      "circle",
    ],
    "text": "circle with center O",
    "winner": "nameCenter",
  },
  {
    "lang": "en",
    "shadowedBy": [
      "tangentsFromExternal",
    ],
    "text": "from point A two tangents to both circles",
    "winner": "commonTangent",
  },
  {
    "lang": "he",
    "shadowedBy": [
      "tangentsFromExternal",
    ],
    "text": "מנקודה A יוצאים שני משיקים לשני המעגלים",
    "winner": "commonTangent",
  },
]
`;

exports[`parser shadow-matrix — catalog corpus > winner rule per catalog utterance is stable 1`] = `
[
  {
    "lang": "en",
    "text": "triangle ABC",
    "winner": "(anon)",
  },
  {
    "lang": "he",
    "text": "משולש ABC",
    "winner": "(anon)",
  },
  {
    "lang": "en",
    "text": "right triangle ABC",
    "winner": "rightTriangle",
  },
  {
    "lang": "he",
    "text": "משולש ישר-זווית ABC",
    "winner": "rightTriangle",
  },
  {
    "lang": "en",
    "text": "square ABCD",
    "winner": "(anon)",
  },
  {
    "lang": "he",
    "text": "ריבוע ABCD",
    "winner": "(anon)",
  },
  {
    "lang": "en",
    "text": "rectangle ABCD",
    "winner": "(anon)",
  },
  {
    "lang": "he",
    "text": "מלבן ABCD",
    "winner": "(anon)",
  },
  {
    "lang": "en",
    "text": "rhombus ABCD",
    "winner": "(anon)",
  },
  {
    "lang": "he",
    "text": "מעוין ABCD",
    "winner": "(anon)",
  },
  {
    "lang": "en",
    "text": "parallelogram ABCD",
    "winner": "(anon)",
  },
  {
    "lang": "he",
    "text": "מקבילית ABCD",
    "winner": "(anon)",
  },
  {
    "lang": "en",
    "text": "trapezoid ABCD",
    "winner": "(anon)",
  },
  {
    "lang": "he",
    "text": "טרפז ABCD",
    "winner": "(anon)",
  },
  {
    "lang": "en",
    "text": "quadrilateral ABCD",
    "winner": "(anon)",
  },
  {
    "lang": "he",
    "text": "מרובע ABCD",
    "winner": "(anon)",
  },
  {
    "lang": "en",
    "text": "ABCD",
    "winner": "(none)",
  },
  {
    "lang": "he",
    "text": "ABCD",
    "winner": "(none)",
  },
  {
    "lang": "en",
    "text": "kite ABCD",
    "winner": "(anon)",
  },
  {
    "lang": "he",
    "text": "דלתון ABCD",
    "winner": "(anon)",
  },
  {
    "lang": "en",
    "text": "isosceles triangle ABC",
    "winner": "(anon)",
  },
  {
    "lang": "he",
    "text": "משולש שווה שוקיים ABC",
    "winner": "(anon)",
  },
  {
    "lang": "en",
    "text": "isosceles triangle ABC (AB=AC)",
    "winner": "(escalate)",
  },
  {
    "lang": "he",
    "text": "ABC משולש שווה שוקיים (AB=AC)",
    "winner": "(escalate)",
  },
  {
    "lang": "en",
    "text": "square ABCD whose side is 1",
    "winner": "(anon)",
  },
  {
    "lang": "he",
    "text": "ריבוע ABCD שצלעו הוא 1",
    "winner": "(anon)",
  },
  {
    "lang": "en",
    "text": "square whose side is 4",
    "winner": "(anon)",
  },
  {
    "lang": "he",
    "text": "ריבוע שצלעו 4",
    "winner": "(anon)",
  },
  {
    "lang": "en",
    "text": "rectangle 4 by 6",
    "winner": "(anon)",
  },
  {
    "lang": "he",
    "text": "מלבן במידות 4*6",
    "winner": "(anon)",
  },
  {
    "lang": "en",
    "text": "equilateral triangle ABC",
    "winner": "(anon)",
  },
  {
    "lang": "he",
    "text": "משולש שווה צלעות ABC",
    "winner": "(anon)",
  },
  {
    "lang": "en",
    "text": "isosceles trapezoid ABCD",
    "winner": "(anon)",
  },
  {
    "lang": "he",
    "text": "טרפז שווה שוקיים ABCD",
    "winner": "(anon)",
  },
  {
    "lang": "en",
    "text": "right trapezoid ABCD",
    "winner": "(anon)",
  },
  {
    "lang": "he",
    "text": "טרפז ישר-זווית ABCD",
    "winner": "(anon)",
  },
  {
    "lang": "en",
    "text": "regular pentagon ABCDE",
    "winner": "regularPolygon",
  },
  {
    "lang": "he",
    "text": "מחומש משוכלל ABCDE",
    "winner": "regularPolygon",
  },
  {
    "lang": "en",
    "text": "rhombus BDEF inscribed in triangle ABC",
    "winner": "inscribedInPolygon",
  },
  {
    "lang": "he",
    "text": "מעוין BDEF חסום במשולש ABC",
    "winner": "inscribedInPolygon",
  },
  {
    "lang": "en",
    "text": "rectangle DEFG inscribed in triangle ABC",
    "winner": "inscribedInPolygon",
  },
  {
    "lang": "he",
    "text": "מלבן DEFG חסום במשולש ABC",
    "winner": "inscribedInPolygon",
  },
  {
    "lang": "en",
    "text": "square DEFG inscribed in triangle ABC",
    "winner": "inscribedInPolygon",
  },
  {
    "lang": "he",
    "text": "ריבוע DEFG חסום במשולש ABC",
    "winner": "inscribedInPolygon",
  },
  {
    "lang": "en",
    "text": "point A",
    "winner": "bareFreePoint",
  },
  {
    "lang": "he",
    "text": "נקודה A",
    "winner": "bareFreePoint",
  },
  {
    "lang": "en",
    "text": "point A at (0,0)",
    "winner": "freePoint",
  },
  {
    "lang": "he",
    "text": "נקודה A ב-(0,0)",
    "winner": "freePoint",
  },
  {
    "lang": "en",
    "text": "point E on AC at 40%",
    "winner": "pointOnSegment",
  },
  {
    "lang": "he",
    "text": "נקודה E על AC ב-40%",
    "winner": "pointOnSegment",
  },
  {
    "lang": "en",
    "text": "points F, G, H on AB, AC, CB",
    "winner": "pointsOnSegments",
  },
  {
    "lang": "he",
    "text": "נקודות F, G, H על AB, AC, CB",
    "winner": "pointsOnSegments",
  },
  {
    "lang": "en",
    "text": "C is 5 from A and 5 from B",
    "winner": "pointByDistances",
  },
  {
    "lang": "he",
    "text": "C במרחק 5 מ-A ו-5 מ-B",
    "winner": "pointByDistances",
  },
  {
    "lang": "en",
    "text": "D on AB at a distance of 3 from A",
    "winner": "compoundAtDistance",
  },
  {
    "lang": "he",
    "text": "D על AB במרחק 3 מ-A",
    "winner": "compoundAtDistance",
  },
  {
    "lang": "en",
    "text": "M is the intersection of AC and BD",
    "winner": "lineLineIntersection",
  },
  {
    "lang": "he",
    "text": "M חיתוך AC ו-BD",
    "winner": "lineLineIntersection",
  },
  {
    "lang": "en",
    "text": "G is the intersection of the diagonals of quadrilateral ABCD",
    "winner": "specialPointMeet",
  },
  {
    "lang": "he",
    "text": "G מפגש האלכסונים במרובע ABCD",
    "winner": "specialPointMeet",
  },
  {
    "lang": "en",
    "text": "M is the intersection of the medians of triangle ABC",
    "winner": "specialPointMeet",
  },
  {
    "lang": "he",
    "text": "M מפגש התיכונים במשולש ABC",
    "winner": "specialPointMeet",
  },
  {
    "lang": "en",
    "text": "O is the intersection of the angle bisectors of triangle ABC",
    "winner": "specialPointMeet",
  },
  {
    "lang": "he",
    "text": "O מפגש חוצי הזוויות במשולש ABC",
    "winner": "specialPointMeet",
  },
  {
    "lang": "en",
    "text": "H is the intersection of the altitudes of triangle ABC",
    "winner": "specialPointMeet",
  },
  {
    "lang": "he",
    "text": "H מפגש הגבהים במשולש ABC",
    "winner": "specialPointMeet",
  },
  {
    "lang": "en",
    "text": "P is the intersection of the perpendicular bisectors of triangle ABC",
    "winner": "specialPointMeet",
  },
  {
    "lang": "he",
    "text": "P מפגש האנכים האמצעיים במשולש ABC",
    "winner": "specialPointMeet",
  },
  {
    "lang": "en",
    "text": "M is the midpoint of AB",
    "winner": "midpoint",
  },
  {
    "lang": "he",
    "text": "M אמצע AB",
    "winner": "midpoint",
  },
  {
    "lang": "en",
    "text": "point F on the extension of AD",
    "winner": "pointOnExtension",
  },
  {
    "lang": "he",
    "text": "נקודה F על המשך AD",
    "winner": "pointOnExtension",
  },
  {
    "lang": "en",
    "text": "point E lies inside triangle KAO",
    "winner": "(escalate)",
  },
  {
    "lang": "he",
    "text": "הנקודה E נמצאת בתוך המשולש KAO",
    "winner": "(escalate)",
  },
  {
    "lang": "en",
    "text": "C and D are on different sides of AB",
    "winner": "pointsVsLine",
  },
  {
    "lang": "he",
    "text": "C ו-D בצדדים שונים של AB",
    "winner": "pointsVsLine",
  },
  {
    "lang": "en",
    "text": "segment AC",
    "winner": "segment",
  },
  {
    "lang": "he",
    "text": "קטע AC",
    "winner": "segment",
  },
  {
    "lang": "en",
    "text": "a line with point A",
    "winner": "pointOnTheLine",
  },
  {
    "lang": "he",
    "text": "קו ועליו נקודה A",
    "winner": "pointOnTheLine",
  },
  {
    "lang": "en",
    "text": "BC parallel to AD",
    "winner": "parallelConstraint",
  },
  {
    "lang": "he",
    "text": "BC מקביל ל-AD",
    "winner": "parallelConstraint",
  },
  {
    "lang": "en",
    "text": "CD bisects AB",
    "winner": "bisectsSegment",
  },
  {
    "lang": "he",
    "text": "CD חוצה את AB",
    "winner": "bisectsSegment",
  },
  {
    "lang": "en",
    "text": "F is the foot of the perpendicular from C to AD",
    "winner": "foot",
  },
  {
    "lang": "he",
    "text": "F רגל האנך מ-C ל-AD",
    "winner": "foot",
  },
  {
    "lang": "en",
    "text": "E is where the bisectors of BAC and BCA meet",
    "winner": "bisectorIntersection",
  },
  {
    "lang": "he",
    "text": "E חיתוך חוצי הזוויות BAC ו-BCA",
    "winner": "bisectorIntersection",
  },
  {
    "lang": "en",
    "text": "bisector of angle ABC",
    "winner": "bisectorLine",
  },
  {
    "lang": "he",
    "text": "חוצה זווית ABC",
    "winner": "bisectorLine",
  },
  {
    "lang": "en",
    "text": "line through P perpendicular to AB",
    "winner": "perpendicularLine",
  },
  {
    "lang": "he",
    "text": "ישר דרך P מאונך ל-AB",
    "winner": "perpendicularLine",
  },
  {
    "lang": "en",
    "text": "line through P parallel to AB",
    "winner": "parallelLine",
  },
  {
    "lang": "he",
    "text": "ישר דרך P מקביל ל-AB",
    "winner": "parallelLine",
  },
  {
    "lang": "en",
    "text": "E on line AC",
    "winner": "collinearConstraint",
  },
  {
    "lang": "he",
    "text": "E על הישר AC",
    "winner": "collinearConstraint",
  },
  {
    "lang": "en",
    "text": "line ABE",
    "winner": "collinearConstraint",
  },
  {
    "lang": "he",
    "text": "ישר ABE",
    "winner": "collinearConstraint",
  },
  {
    "lang": "en",
    "text": "median from A in ABC",
    "winner": "median",
  },
  {
    "lang": "he",
    "text": "תיכון מ-A במשולש ABC",
    "winner": "median",
  },
  {
    "lang": "en",
    "text": "AD median to BC",
    "winner": "median",
  },
  {
    "lang": "he",
    "text": "AD תיכון לצלע BC",
    "winner": "median",
  },
  {
    "lang": "en",
    "text": "height from A in ABC",
    "winner": "altitude",
  },
  {
    "lang": "he",
    "text": "גובה מ-A במשולש ABC",
    "winner": "altitude",
  },
  {
    "lang": "en",
    "text": "perpendicular bisector of AB",
    "winner": "perpBisector",
  },
  {
    "lang": "he",
    "text": "אנך אמצעי ל-AB",
    "winner": "perpBisector",
  },
  {
    "lang": "en",
    "text": "midsegment to BC in triangle ABC",
    "winner": "midsegment",
  },
  {
    "lang": "he",
    "text": "קטע האמצעים לצלע BC במשולש ABC",
    "winner": "midsegment",
  },
  {
    "lang": "en",
    "text": "midsegment of trapezoid ABCD",
    "winner": "midsegment",
  },
  {
    "lang": "he",
    "text": "קטע האמצעים בטרפז ABCD",
    "winner": "midsegment",
  },
  {
    "lang": "en",
    "text": "AD bisects angle BAC",
    "winner": "bisectorPlacesPoint",
  },
  {
    "lang": "he",
    "text": "AD חוצה את הזווית BAC",
    "winner": "bisectorPlacesPoint",
  },
  {
    "lang": "en",
    "text": "CD cuts AB",
    "winner": "lineLineIntersection",
  },
  {
    "lang": "he",
    "text": "CD חותך את AB",
    "winner": "lineLineIntersection",
  },
  {
    "lang": "en",
    "text": "denote angle BAM as A1",
    "winner": "angleAliasRule",
  },
  {
    "lang": "he",
    "text": "נסמן זוית BAM כ-A1",
    "winner": "angleAliasRule",
  },
  {
    "lang": "en",
    "text": "angle GBA = 37",
    "winner": "angle",
  },
  {
    "lang": "he",
    "text": "זווית GBA = 37",
    "winner": "angle",
  },
  {
    "lang": "en",
    "text": "angle ABC equals thirty degrees",
    "winner": "angle",
  },
  {
    "lang": "he",
    "text": "זווית ABC שווה לשלושים מעלות",
    "winner": "angle",
  },
  {
    "lang": "en",
    "text": "angle AEB equals angle BEC equals 60 degrees",
    "winner": "chainedEquality",
  },
  {
    "lang": "he",
    "text": "זוית AEB שווה לזווית BEC שווה 60 מעלות",
    "winner": "chainedEquality",
  },
  {
    "lang": "en",
    "text": "arc DE = 2 arc CE in circle O",
    "winner": "arcEquality",
  },
  {
    "lang": "he",
    "text": "קשת DE = 2 קשת CE במעגל O",
    "winner": "arcEquality",
  },
  {
    "lang": "en",
    "text": "arc AB = 40 in circle O",
    "winner": "arcValue",
  },
  {
    "lang": "he",
    "text": "קשת AB = 40 במעגל O",
    "winner": "arcValue",
  },
  {
    "lang": "en",
    "text": "arc AC + arc BE = arc AD + arc BC in circle O",
    "winner": "measureSum",
  },
  {
    "lang": "he",
    "text": "קשת AC + קשת BE = קשת AD + קשת BC במעגל O",
    "winner": "measureSum",
  },
  {
    "lang": "en",
    "text": "DM*ME = BM*DR",
    "winner": "lengthProduct",
  },
  {
    "lang": "he",
    "text": "DM*ME = BM*DR",
    "winner": "lengthProduct",
  },
  {
    "lang": "en",
    "text": "central angle COD",
    "winner": "centralAngle",
  },
  {
    "lang": "he",
    "text": "זוית מרכזית COD",
    "winner": "centralAngle",
  },
  {
    "lang": "en",
    "text": "S_{ABC} = 13",
    "winner": "area",
  },
  {
    "lang": "he",
    "text": "שטח המשולש ABC הוא 13",
    "winner": "area",
  },
  {
    "lang": "en",
    "text": "S_{ABC}/S_{DEF} = 3/4",
    "winner": "area",
  },
  {
    "lang": "he",
    "text": "שטח ABF גדול פי 2 משטח BFE",
    "winner": "area",
  },
  {
    "lang": "en",
    "text": "S_{ABC} = S",
    "winner": "area",
  },
  {
    "lang": "he",
    "text": "נסמן את שטח ABCD ב-S",
    "winner": "area",
  },
  {
    "lang": "en",
    "text": "perimeter of ABC = 20",
    "winner": "perimeter",
  },
  {
    "lang": "he",
    "text": "היקף המשולש ABC = 20",
    "winner": "perimeter",
  },
  {
    "lang": "en",
    "text": "AB = 6",
    "winner": "distanceConstraint",
  },
  {
    "lang": "he",
    "text": "AB = 6",
    "winner": "distanceConstraint",
  },
  {
    "lang": "en",
    "text": "AB = CD",
    "winner": "equalSegments",
  },
  {
    "lang": "he",
    "text": "AB = CD",
    "winner": "equalSegments",
  },
  {
    "lang": "en",
    "text": "AB = 2 AD",
    "winner": "ratioConstraint",
  },
  {
    "lang": "he",
    "text": "AB = 2 AD",
    "winner": "ratioConstraint",
  },
  {
    "lang": "en",
    "text": "AD:DB = 1:2",
    "winner": "segmentRatioColon",
  },
  {
    "lang": "he",
    "text": "AD:DB = 1:2",
    "winner": "segmentRatioColon",
  },
  {
    "lang": "en",
    "text": "G divides DC in ratio 1:2",
    "winner": "dividesInRatio",
  },
  {
    "lang": "he",
    "text": "G מחלקת את DC ביחס 1:2",
    "winner": "dividesInRatio",
  },
  {
    "lang": "en",
    "text": "AB perpendicular to CD",
    "winner": "perpendicularConstraint",
  },
  {
    "lang": "he",
    "text": "AB מאונך ל-CD",
    "winner": "perpendicularConstraint",
  },
  {
    "lang": "en",
    "text": "△ABC ≅ △DEF",
    "winner": "congruence",
  },
  {
    "lang": "he",
    "text": "△ABC ≅ △DEF",
    "winner": "congruence",
  },
  {
    "lang": "en",
    "text": "△ABC ~ △DEF",
    "winner": "similarity",
  },
  {
    "lang": "he",
    "text": "△ABC ~ △DEF",
    "winner": "similarity",
  },
  {
    "lang": "en",
    "text": "AB = 3x",
    "winner": "measureLength",
  },
  {
    "lang": "he",
    "text": "AB = 3x",
    "winner": "measureLength",
  },
  {
    "lang": "en",
    "text": "AD = 12√x",
    "winner": "measureSqrt",
  },
  {
    "lang": "he",
    "text": "AD = 12√x",
    "winner": "measureSqrt",
  },
  {
    "lang": "en",
    "text": "AB = x²",
    "winner": "measurePower",
  },
  {
    "lang": "he",
    "text": "AB = x²",
    "winner": "measurePower",
  },
  {
    "lang": "en",
    "text": "angle ABC = 2α",
    "winner": "measureAngle",
  },
  {
    "lang": "he",
    "text": "זווית ABC = 2α",
    "winner": "measureAngle",
  },
  {
    "lang": "en",
    "text": "α < β",
    "winner": "measureOrder",
  },
  {
    "lang": "he",
    "text": "α < β",
    "winner": "measureOrder",
  },
  {
    "lang": "en",
    "text": "angle ABC > 40",
    "winner": "measureBound",
  },
  {
    "lang": "he",
    "text": "זווית ABC גדולה מ-40",
    "winner": "measureBound",
  },
  {
    "lang": "en",
    "text": "40 < angle ABC < 60",
    "winner": "measureBound",
  },
  {
    "lang": "he",
    "text": "40 < זווית ABC < 60",
    "winner": "measureBound",
  },
  {
    "lang": "en",
    "text": "5 < |AB| < 9",
    "winner": "measureBound",
  },
  {
    "lang": "he",
    "text": "5 < AB < 9",
    "winner": "measureBound",
  },
  {
    "lang": "en",
    "text": "angle ABC is obtuse",
    "winner": "angleAcuteness",
  },
  {
    "lang": "he",
    "text": "זווית ABC קהה",
    "winner": "angleAcuteness",
  },
  {
    "lang": "en",
    "text": "circle centered at O radius 5",
    "winner": "setRadius",
  },
  {
    "lang": "he",
    "text": "מעגל סביב O רדיוס 5",
    "winner": "setRadius",
  },
  {
    "lang": "en",
    "text": "two circles with a common center O",
    "winner": "concentricCircles",
  },
  {
    "lang": "he",
    "text": "שני מעגלים בעלי מרכז משותף O",
    "winner": "concentricCircles",
  },
  {
    "lang": "en",
    "text": "two circles",
    "winner": "twoCirclesBare",
  },
  {
    "lang": "he",
    "text": "שני מעגלים",
    "winner": "twoCirclesBare",
  },
  {
    "lang": "en",
    "text": "two disjoint circles",
    "winner": "twoCirclesPosition",
  },
  {
    "lang": "he",
    "text": "שני מעגלים זרים",
    "winner": "twoCirclesPosition",
  },
  {
    "lang": "en",
    "text": "circle P contained in circle O",
    "winner": "twoCirclesPosition",
  },
  {
    "lang": "he",
    "text": "מעגל P מוכל בתוך מעגל O",
    "winner": "twoCirclesPosition",
  },
  {
    "lang": "en",
    "text": "a circle contained inside the circle",
    "winner": "twoCirclesPosition",
  },
  {
    "lang": "he",
    "text": "מעגל מוכל בתוך המעגל הגדול",
    "winner": "twoCirclesPosition",
  },
  {
    "lang": "en",
    "text": "AB is an external common tangent of the two circles",
    "winner": "commonTangent",
  },
  {
    "lang": "he",
    "text": "AB משיק משותף חיצוני לשני המעגלים",
    "winner": "commonTangent",
  },
  {
    "lang": "en",
    "text": "a line cuts the two circles at points C, D, E and F",
    "winner": "twoCirclesMeet",
  },
  {
    "lang": "he",
    "text": "ישר חותך את שני המעגלים בנקודות C, D, E ו-F",
    "winner": "twoCirclesMeet",
  },
  {
    "lang": "en",
    "text": "circle O with circumference 6π",
    "winner": "circleSizeExisting",
  },
  {
    "lang": "he",
    "text": "מעגל O שהיקפו 6π",
    "winner": "circleSizeExisting",
  },
  {
    "lang": "en",
    "text": "circle with diameter 10",
    "winner": "circle",
  },
  {
    "lang": "he",
    "text": "מעגל בקוטר 10",
    "winner": "circle",
  },
  {
    "lang": "en",
    "text": "circle O with radius R",
    "winner": "circle",
  },
  {
    "lang": "he",
    "text": "מעגל O שרדיוסו R",
    "winner": "circle",
  },
  {
    "lang": "en",
    "text": "A is on circle O",
    "winner": "pointOnCircle",
  },
  {
    "lang": "he",
    "text": "A על מעגל O",
    "winner": "pointOnCircle",
  },
  {
    "lang": "en",
    "text": "M is outside circle O",
    "winner": "pointVsCircle",
  },
  {
    "lang": "he",
    "text": "M מחוץ למעגל O",
    "winner": "pointVsCircle",
  },
  {
    "lang": "en",
    "text": "O is the centre of the circle",
    "winner": "nameCenter",
  },
  {
    "lang": "he",
    "text": "O מרכז המעגל",
    "winner": "nameCenter",
  },
  {
    "lang": "en",
    "text": "triangle ABC inscribed in circle O",
    "winner": "inscribedPolygon",
  },
  {
    "lang": "he",
    "text": "משולש ABC חסום במעגל O",
    "winner": "inscribedPolygon",
  },
  {
    "lang": "en",
    "text": "right triangle ABC inscribed in a circle",
    "winner": "inscribedPolygon",
  },
  {
    "lang": "he",
    "text": "משולש ישר-זווית ABC חסום במעגל",
    "winner": "inscribedPolygon",
  },
  {
    "lang": "en",
    "text": "circle through A B C",
    "winner": "circumcircle",
  },
  {
    "lang": "he",
    "text": "מעגל חוסם את ABC",
    "winner": "circumcircle",
  },
  {
    "lang": "en",
    "text": "the circle through A B C cuts CE at D",
    "winner": "circumcircleMeetsSegment",
  },
  {
    "lang": "he",
    "text": "המעגל החוסם את משולש ABC חותך את CE בנקודה D",
    "winner": "circumcircleMeetsSegment",
  },
  {
    "lang": "en",
    "text": "circle inscribed in triangle ABC",
    "winner": "incircle",
  },
  {
    "lang": "he",
    "text": "מעגל חסום במשולש ABC",
    "winner": "incircle",
  },
  {
    "lang": "en",
    "text": "triangle DEF circumscribes the circle",
    "winner": "incircle",
  },
  {
    "lang": "he",
    "text": "משולש DEF חוסם את המעגל",
    "winner": "incircle",
  },
  {
    "lang": "en",
    "text": "circle inscribed in trapezoid ABCD",
    "winner": "incircle",
  },
  {
    "lang": "he",
    "text": "מעגל חסום בטרפז ABCD",
    "winner": "incircle",
  },
  {
    "lang": "en",
    "text": "in quadrilateral ABCD a circle is inscribed",
    "winner": "incircle",
  },
  {
    "lang": "he",
    "text": "במרובע ABCD חסום מעגל O",
    "winner": "incircle",
  },
  {
    "lang": "en",
    "text": "circle inscribed in kite ABCD",
    "winner": "incircle",
  },
  {
    "lang": "he",
    "text": "מעגל חסום בדלתון ABCD",
    "winner": "incircle",
  },
  {
    "lang": "en",
    "text": "the tangent at A and the tangent at C to circle O meet at D",
    "winner": "twoTangentsMeet",
  },
  {
    "lang": "he",
    "text": "המשיק בנקודה A והמשיק בנקודה C למעגל O נפגשים בנקודה D",
    "winner": "twoTangentsMeet",
  },
  {
    "lang": "en",
    "text": "AB and AD are tangent to circle O at E and K",
    "winner": "cornerTangentCircle",
  },
  {
    "lang": "he",
    "text": "AB ו-AD משיקים למעגל O בנקודות E ו-K",
    "winner": "cornerTangentCircle",
  },
  {
    "lang": "en",
    "text": "trapezoid ABCD inscribed in a circle",
    "winner": "inscribedPolygon",
  },
  {
    "lang": "he",
    "text": "טרפז ABCD חסום במעגל",
    "winner": "inscribedPolygon",
  },
  {
    "lang": "en",
    "text": "cyclic quadrilateral ABCD",
    "winner": "inscribedPolygon",
  },
  {
    "lang": "he",
    "text": "מרובע ABCD בר חסימה",
    "winner": "inscribedPolygon",
  },
  {
    "lang": "en",
    "text": "semicircle with diameter AB",
    "winner": "semicircle",
  },
  {
    "lang": "he",
    "text": "חצי מעגל שקוטרו AB",
    "winner": "semicircle",
  },
  {
    "lang": "en",
    "text": "a semicircle on each side of square ABCD",
    "winner": "semicirclesOnEverySide",
  },
  {
    "lang": "he",
    "text": "על כל צלע של ריבוע ABCD יש חצי מעגל",
    "winner": "semicirclesOnEverySide",
  },
  {
    "lang": "en",
    "text": "semicircle on side AB outside triangle ABC",
    "winner": "semicircle",
  },
  {
    "lang": "he",
    "text": "חצי מעגל על צלע AB מחוץ למשולש ABC",
    "winner": "semicircle",
  },
  {
    "lang": "en",
    "text": "quarter circle",
    "winner": "quarterCircle",
  },
  {
    "lang": "he",
    "text": "רבע מעגל",
    "winner": "quarterCircle",
  },
  {
    "lang": "en",
    "text": "sector AOB with angle 80",
    "winner": "sector",
  },
  {
    "lang": "he",
    "text": "גזרה AOB בזווית 80",
    "winner": "sector",
  },
  {
    "lang": "en",
    "text": "chord AB in circle O",
    "winner": "chord",
  },
  {
    "lang": "he",
    "text": "מיתר AB במעגל O",
    "winner": "chord",
  },
  {
    "lang": "en",
    "text": "AB and CD are chords in circle O",
    "winner": "chord",
  },
  {
    "lang": "he",
    "text": "AB ו-CD מיתרים במעגל O",
    "winner": "chord",
  },
  {
    "lang": "en",
    "text": "from a point E outside circle O a line cuts the circle at A and B",
    "winner": "secantFromExternal",
  },
  {
    "lang": "he",
    "text": "מנקודה E מחוץ למעגל O ישר חותך את המעגל בנקודות A ו-B",
    "winner": "secantFromExternal",
  },
  {
    "lang": "en",
    "text": "the line AO cuts circle O at C and D",
    "winner": "lineCutsCircleTwice",
  },
  {
    "lang": "he",
    "text": "הישר AO חותך את מעגל O בנקודות C ו-D",
    "winner": "lineCutsCircleTwice",
  },
  {
    "lang": "en",
    "text": "AD cuts circle O at B",
    "winner": "lineMeetsCircle",
  },
  {
    "lang": "he",
    "text": "AD חותך את מעגל O בנקודה B",
    "winner": "lineMeetsCircle",
  },
  {
    "lang": "en",
    "text": "from point E outside circle O two tangents touch the circle at A and B",
    "winner": "tangentsFromExternal",
  },
  {
    "lang": "he",
    "text": "מנקודה E מחוץ למעגל O שני משיקים נוגעים במעגל בנקודות A ו-B",
    "winner": "tangentsFromExternal",
  },
  {
    "lang": "en",
    "text": "from point E a tangent touches circle O at D",
    "winner": "tangentLine",
  },
  {
    "lang": "he",
    "text": "מנקודה E משיק נוגע במעגל O בנקודה D",
    "winner": "tangentLine",
  },
  {
    "lang": "en",
    "text": "diameter AB in circle O",
    "winner": "diameter",
  },
  {
    "lang": "he",
    "text": "קוטר AB במעגל O",
    "winner": "diameter",
  },
  {
    "lang": "en",
    "text": "the diameter of circle O from F cuts side AC at E",
    "winner": "diameterCutsSegment",
  },
  {
    "lang": "he",
    "text": "קוטר מעגל O היוצא מנקודה F חותך את הצלע AC בנקודה E",
    "winner": "diameterCutsSegment",
  },
  {
    "lang": "en",
    "text": "diameter from F in circle O",
    "winner": "diameterFromPoint",
  },
  {
    "lang": "he",
    "text": "קוטר מנקודה F במעגל O",
    "winner": "diameterFromPoint",
  },
  {
    "lang": "en",
    "text": "diameter through A in circle O",
    "winner": "diameterFromPoint",
  },
  {
    "lang": "he",
    "text": "קוטר העובר בנקודה A במעגל O",
    "winner": "diameterFromPoint",
  },
  {
    "lang": "en",
    "text": "M is the midpoint of arc BC in circle O",
    "winner": "arcMidpoint",
  },
  {
    "lang": "he",
    "text": "M אמצע הקשת BC במעגל O",
    "winner": "arcMidpoint",
  },
  {
    "lang": "en",
    "text": "tangent to circle O at A",
    "winner": "tangentLine",
  },
  {
    "lang": "he",
    "text": "משיק למעגל O בנקודה A",
    "winner": "tangentLine",
  },
  {
    "lang": "en",
    "text": "E is the intersection of the tangent to circle O at A and BC",
    "winner": "tangentLineIntersection",
  },
  {
    "lang": "he",
    "text": "E חיתוך המשיק למעגל O בנקודה A עם BC",
    "winner": "tangentLineIntersection",
  },
  {
    "lang": "en",
    "text": "G is the intersection of circle O and circle P",
    "winner": "circleCircleIntersection",
  },
  {
    "lang": "he",
    "text": "G חיתוך מעגל O ומעגל P",
    "winner": "circleCircleIntersection",
  },
  {
    "lang": "en",
    "text": "two circles intersect at A and B",
    "winner": "twoCirclesMeet",
  },
  {
    "lang": "he",
    "text": "שני מעגלים נחתכים בנקודות A ו-B",
    "winner": "twoCirclesMeet",
  },
  {
    "lang": "en",
    "text": "the tangent to circle O at A meets circle P at D",
    "winner": "tangentMeetsOtherCircle",
  },
  {
    "lang": "he",
    "text": "המשיק למעגל O בנקודה A חותך את מעגל P בנקודה D",
    "winner": "tangentMeetsOtherCircle",
  },
  {
    "lang": "en",
    "text": "AC extended meets circle P at E",
    "winner": "extendOntoCircle",
  },
  {
    "lang": "he",
    "text": "המשך AC חותך את מעגל P בנקודה E",
    "winner": "extendOntoCircle",
  },
  {
    "lang": "en",
    "text": "line AC meets circle P at E",
    "winner": "lineMeetsCircle",
  },
  {
    "lang": "he",
    "text": "הישר AC פוגש את מעגל P בנקודה E",
    "winner": "lineMeetsCircle",
  },
  {
    "lang": "en",
    "text": "circle O and circle P are tangent at M",
    "winner": "circlesTangent",
  },
  {
    "lang": "he",
    "text": "מעגל O ומעגל P משיקים זה לזה בנקודה M",
    "winner": "circlesTangent",
  },
  {
    "lang": "en",
    "text": "circle O and circle P are tangent internally at M",
    "winner": "circlesTangent",
  },
  {
    "lang": "he",
    "text": "מעגל O ומעגל P משיקים מבפנים בנקודה M",
    "winner": "circlesTangent",
  },
  {
    "lang": "en",
    "text": "AB is a common tangent to circles O and P",
    "winner": "commonTangent",
  },
  {
    "lang": "he",
    "text": "AB משיק משותף למעגלים O ו-P",
    "winner": "commonTangent",
  },
  {
    "lang": "en",
    "text": "CD is a common tangent to circles O and P at M",
    "winner": "commonTangent",
  },
  {
    "lang": "he",
    "text": "CD משיק משותף למעגלים O ו-P בנקודה M",
    "winner": "commonTangent",
  },
  {
    "lang": "en",
    "text": "midpoint of AB",
    "winner": "midpoint",
  },
  {
    "lang": "he",
    "text": "אמצע AB",
    "winner": "midpoint",
  },
  {
    "lang": "en",
    "text": "a tangent to the circle",
    "winner": "bareTangent",
  },
  {
    "lang": "he",
    "text": "משיק למעגל",
    "winner": "bareTangent",
  },
  {
    "lang": "en",
    "text": "a diameter",
    "winner": "bareDiameter",
  },
  {
    "lang": "he",
    "text": "קוטר",
    "winner": "bareDiameter",
  },
  {
    "lang": "en",
    "text": "a line cutting the circle at two points",
    "winner": "unnamedSecant",
  },
  {
    "lang": "he",
    "text": "ישר החותך את המעגל בשתי נקודות",
    "winner": "unnamedSecant",
  },
  {
    "lang": "en",
    "text": "given a circle",
    "winner": "circle",
  },
  {
    "lang": "he",
    "text": "נתון מעגל",
    "winner": "circle",
  },
  {
    "lang": "en",
    "text": "circle with center O",
    "winner": "nameCenter",
  },
  {
    "lang": "he",
    "text": "מעגל עם מרכז O",
    "winner": "circle",
  },
  {
    "lang": "en",
    "text": "the centre of the circle",
    "winner": "showCenter",
  },
  {
    "lang": "he",
    "text": "מרכז המעגל",
    "winner": "showCenter",
  },
  {
    "lang": "en",
    "text": "AB tangent to circle C",
    "winner": "tangentLine",
  },
  {
    "lang": "he",
    "text": "AB משיק למעגל C",
    "winner": "tangentLine",
  },
  {
    "lang": "en",
    "text": "from point A two tangents to both circles",
    "winner": "commonTangent",
  },
  {
    "lang": "he",
    "text": "מנקודה A יוצאים שני משיקים לשני המעגלים",
    "winner": "commonTangent",
  },
]
`;
